10 90 100 190 290 480 770 1250 2020 3270 5290 8560 13850 22410 36260 58670 94930 153600 248530 402130 