Zhangz
ZhangQin
Zhangw
Zhangy
ChenRuiyi
LiXin
Lilei
YaoLin