100 100 200 300 500 800 1300 2100 3400 5500 8900 14400 23300 37700 61000 98700 159700 258400 418100 676500 1094600 1771100 2865700 4636800 7502500 12139300 19641800 31781100 51422900 83204000 